org/cloudsimplus/examples/brokers/DatacenterBrokerHeuristic.class
org/cloudsimplus/examples/dynamic/DynamicCloudletsArrival2.class
org/cloudbus/cloudsim/examples/network/NetworkExample3.class
org/cloudsimplus/examples/dynamic/KeepSimulationRunningExample.class
.netbeans_automatic_build
org/cloudsimplus/examples/sla/VmMigrationWhenCpuMetricIsViolatedExample.class
org/cloudsimplus/examples/dynamic/CadaSegundo.class
org/cloudsimplus/examples/ReducedExample.class
org/cloudsimplus/examples/simulationstatus/TerminateSimulationAtGivenTimeExample.class
org/cloudbus/cloudsim/examples/CloudSimExample3.class
org/cloudsimplus/examples/listeners/VmListenersExample2.class
org/cloudsimplus/examples/schedulers/SharingHostPEsUsingVmSchedulerSpaceSharedExample.class
org/cloudsimplus/examples/PowerExample.class
org/cloudsimplus/examples/dynamic/DynamicCreationOfVmsAndCloudletsExample1DDMX.class
org/cloudbus/cloudsim/examples/CloudSimExample2.class
org/cloudsimplus/examples/simulationstatus/PauseSimulationAtGivenTimeExample1.class
org/cloudsimplus/examples/resourceusage/HostsCpuUsageExample.class
org/cloudsimplus/examples/dynamic/DynamicCloudletsArrival1.class
org/cloudsimplus/examples/ParallelSimulationsExample.class
org/cloudsimplus/examples/bigdata/Simulacao.class
org/cloudsimplus/examples/listeners/VmListenersExample3_DynamicVmCreation.class
org/cloudsimplus/examples/bigdata/CreateCloudlet.class
org/cloudsimplus/examples/bigdata/CreateVm.class
org/cloudbus/cloudsim/examples/network/applications/NetworkVmsExampleSimpleApp.class
org/cloudsimplus/examples/BasicFirstExample.class
org/cloudsimplus/examples/autoscaling/VerticalVmCpuScalingExample.class
org/cloudbus/cloudsim/examples/network/applications/NetworkVmsExample1.class
org/cloudsimplus/examples/HostFaultInjectionExample1.class
org/cloudsimplus/examples/schedulers/TwoCloudletsAndOneTimeSharedVmExample.class
org/cloudbus/cloudsim/examples/CloudSimExample1.class
org/cloudsimplus/examples/CloudletCancellationExample.class
org/cloudsimplus/examples/brokers/CloudletToVmMappingBestFit.class
org/cloudsimplus/examples/schedulers/CloudletSchedulerSpaceSharedExample1.class
org/cloudsimplus/examples/brokers/MultipleBrokers1.class
org/cloudsimplus/examples/dynamic/CreateCloudletAfterLastFinishedOne.class
org/cloudsimplus/examples/dynamic/DynamicCloudletsArrival21DDMX.class
org/cloudbus/cloudsim/examples/network/applications/NetworkVmExampleAbstract.class
org/cloudsimplus/examples/brokers/MultipleBrokers2.class
org/cloudsimplus/examples/autoscaling/LoadBalancerByHorizontalVmScalingExample.class
org/cloudsimplus/examples/StorageAreaNetworkExample1.class
org/cloudsimplus/examples/schedulers/CloudletSchedulerTimeSharedExample1.class
org/cloudbus/cloudsim/examples/CloudSimExample0.class
org/cloudbus/cloudsim/examples/network/applications/NetworkVmsExampleWorkflowApp.class
org/cloudsimplus/examples/migration/MigrationExample2_PowerUsage.class
org/cloudsimplus/examples/brokers/MultipleBrokers3.class
org/cloudsimplus/examples/schedulers/SharingHostPEsUsingVmSchedulerTimeSharedExample.class
org/cloudbus/cloudsim/examples/network/NetworkExample1.class
org/cloudsimplus/examples/autoscaling/VerticalVmCpuScalingDynamicThreshold.class
org/cloudsimplus/examples/simulationstatus/PauseSimulationAtGivenTimeExample2.class
org/cloudsimplus/examples/workload/SwfWorkloadFormatExample1.class
org/cloudsimplus/examples/bigdata/AppDinamico.class
org/cloudsimplus/examples/migration/MigrationExample1.class
org/cloudsimplus/examples/dynamic/DynamicCreationOfVmsAndCloudletsExample.class
org/cloudsimplus/examples/schedulers/VmSchedulerTimeSharedOverSubscriptionExample1.class
org/cloudsimplus/examples/listeners/VmListenersExample1.class
org/cloudbus/cloudsim/examples/CloudSimExample5.class
org/cloudbus/cloudsim/examples/CloudSimExample4.class
org/cloudsimplus/examples/schedulers/TwoCloudletsAndOneSpaceSharedVmExample.class
org/cloudsimplus/examples/schedulers/LinuxCompletelyFairSchedulerExample.class
org/cloudsimplus/examples/dynamic/DynamicHostCreation.class
org/cloudbus/cloudsim/examples/network/applications/NetworkVmsExampleBagOfTasksApp.class
org/cloudbus/cloudsim/examples/CloudSimExample6.class
org/cloudbus/cloudsim/examples/network/NetworkExample4.class
org/cloudsimplus/examples/listeners/CloudletListenersExample1.class
org/cloudsimplus/examples/DDMX.class
org/cloudsimplus/examples/brokers/MultipleBrokers31DDMX.class
org/cloudbus/cloudsim/examples/network/NetworkExample2.class
org/cloudsimplus/examples/DynamicVmAllocationPolicyBestFitExample.class
org/cloudsimplus/examples/bigdata/App.class
org/cloudsimplus/examples/resourceusage/UtilizationModelDynamicExample.class
org/cloudsimplus/examples/dynamic/FluxoDDMX.class
org/cloudsimplus/examples/listeners/CloudletListenersExample2_ResourceUsageAlongTime.class
org/cloudsimplus/examples/bigdata/Resultado.class
org/cloudsimplus/examples/resourceusage/VmsCpuUsageExample.class
org/cloudsimplus/examples/bigdata/SimulacaoDinamica.class
org/cloudsimplus/examples/autoscaling/VerticalVmRamScalingExample.class
org/cloudsimplus/examples/simulationstatus/TerminateSimulationAtGivenConditionExample.class
org/cloudsimplus/examples/bigdata/CreateHost.class
org/cloudsimplus/examples/VmDestructionExample.class
